# Ini adalah komentar
# Daftar tile: 
# (Space) Tile kosong
# (A..M)  Tile A sampai M.
# l       Live Up.
# s       Waskita. Untuk menambah MP
# k       Kendi. Untuk menambah HP
# l       Buto Ijo
# 2       Buto Abang
# 3       Nagapecona(BOSS)
                                                                                                                          G                                                                                                                                                                                                                                                                 
                                                                                                                          G                                                                                                                                                                                                                                                                 
                                                                                                                          G                                                                                                                                                                                                                                                                 
                                                                                                                          G                                                                                                                                                                                                                                                                 
                                                                                                                          G                                                                                                                                                                                                                                                                 
                                                                                                                          G                                                                                                                                                                                                                                                                 
                                                                                                                          G                                                                                                                                                                                                                                                                 
                                                                                                                          G                                                                                                                                                                                                                                                                 
                                                                                                                          G                                                                                                                                                                                                                                                                 
                                                                                                                          G                                                                                                                                                                                                                                                                 
                                                                                                                          G                                                                                                                                                                                                                                                                 
                                                                                                                          G                                                                                                                                                                                                                                                                 
                                                                                                                          G                                                                                                                                                                                                                        sss                                      
                                                                                                                          G                                                                                                                                                                                                                       s   s                                     
                                                                                                                          G                                                                                                                                                                                                                      s     s                                    
                                                                                      2                        2          G                                                                                                                                                                                                                            s                                    
IBABABABAJ                                  IBABABABABABABABABAJ                     IBAJ                     IBABABAJ    G                                                                                                                                                                                       IBAJ     IBAJ     IBAJ     IBAJ      s                                    
LMLMLMLMLF                                  ELMLMLMLMLMLMLMLMLMF        1    1   1 1 ELMF     1    1   1   1  ELMLMLMF    G                                                                                                                                                                                       MMLL     MMLL     MMLL     MMLL      s                                    
         HBAJ                            IBAG                  HBABABABABABABABABABABG  HBABABABABABABABABABABG      H    G                                                                                                                                                                               IBAJ                                       s s s                                  
         DLMF                            ELMC                  DLMLMLMLMLMLMLMLMLMLMLC  DLMLMLMLMLMLMLMLMLMLMLC      H    G                                                                                                                                                                               MMLL                                        sss                                   
            HBAJ                      IBAG                                                                           H    G                                                                                                                                                                       IBAJ                                                 s                                    
            DLMF                      ELMC                                                                                G                                                                                                                                                                       MMLL                                                                                      
               HBAJ                IBAG                                                                                   G                                                                                                                                                               IBAJ                                                                                              
               DLMF                ELMC                                                                                   G                                                                                                                                                               MMLL                                                                                              
                  HBAJ          IBAG                                                                                      G                                                                                                                                                       IBAJ                                                                                                      
                  DLMF          ELMC                                                                                   IBAG                                                                                                                                                       MMLL                                                                                                      
                     HBAJ    IBAG                                                                                      ELMC                                                                                                                                                                                                                                                                 
                     DLMF    ELMC                                                                                   IBAG                                                                                                                                                              IBAJ                                                                                                  
                        HBABAG                                                                                      ELMC                                                                                                                                                              MMLL                                                                                                  
                        DLMLMC                                                                                   IBAG                                                                                                                                                                                                                                                                       
                                                                                                                 ELMC                                                                                                                                                                     IBAJ                                                              ssss                            
                                                                                                              IBAG                                                                                                                                                                        MMLL                                                             s    s                           
                                                                                                              ELMC                                                                                                                                                                                                                                        s      s                          
                                                                                                           IBAG                                                                                                                                                                               IBAJ                                                                s                         
                                                                                                           ELMC                                                                                                                                                                               MMLL                                                    IBAJ         s                        
                                                                                                        IBAG                                                                                                                                                                                                                                          MMLL          s                       
                                                                                                        MLMC                                                                                                                                                                                          IBAJ                                                          s                       
                                                                                                                                                                                                                                                                              IBAJ                    MMLL                                                          s                       
                                                                                                                                                                                                                                                                              MMLL                            IBAJ                                                s s s                     
                                                                                               IBAJ                                                                                                                                                                   IBAJ                                    MMLL                                                 sss                      
                                                                                               MMLF                                                                                                                                                                   MMLL                                                                                          s                       
                                                                                                  HBAJ                                                                                                                                                        IBAJ                                        IBAJ                                                                              
                                                                                                  DLMF                                                                                                                                                        MMLL                IBAJ                    MMLL                                                                              
                                                                                                     HBAJ                                                                                                                                             IBAJ                        MMLL                                                                                                      
                                                                                                     DLMF                                                                                                                                             MMLL                                            IBAJ                                                                                  
                                                                                                        HBAJ                                                                                                                                  IBAJ                                                    MMLL                                                                                  
                                                                                                        DLMF                                                                                                                                  MMLL                                            IBAJ                                                                 IBAJ     IBABABABABABABAB
                                                                                                           HBAJ                                                                                                                       IBAJ                                                    MMLL                                                                 MMLL     MMLMLMLMLMLMLMLM
                                                                                                           DLMF                                                                                                                       MMLL                                            IBAJ                                                                                                  
                                                                                                              HBAJ                                          IBABABABABABABABABAJ                     IBAJ                     IBAJ                                                    MMLL                                                                                                  
                                                                                                              DLMF                                    1 1 1 ELMLMLMLMLMLMLMLMLMF    1   1  1   1 1 1 ELMF  1  1  1  1    1    ELML                                                                                                                                                          
                                                                                                                 HBABABAJ    IBABABABABABABABABABABABABABABAG                  HBABABABABABABABABABABG  HBABABABABABABABABABABG                                                                                                                                                             
                                                                                                                 DLMLMLMF    ELMLMLMLMLMLMLMLMLMLMLMLMLMLMLMC                  DLMLMLMLMLMLMLMLMLMLMLC  DLMLMLMLMLMLMLMLMLMLMLC                                                                                                                                                             
                                                                                                                        H    G                                                                                                                                                                                                                                                              
                                                                                                                        H   lG                                                                                                                                                                                                                                                              
                                                                                                                        H    G                                                                                                                                                                                                                                                              
                                                                                                                        H    G                                                                                                                                                                                                                                                              
                                                                                                                        H    G                                                                                                                                                                                                                                                              
                                                                                                                        H    G                                                                                                                                                                                                                                                              
                                                                                                                        H    G                                                                                                                                                                                                                                                              
                                                                                                                        H    G                                                                                                                                                                                                                                                              
                                                                                                                        H    G                                                                                                                                                                                                                                                              
                                                                                                                        H    G                                                                                                                                                                                                                                                              
                                                                                                                        H    G                                                                                                                                                                                                                                                              
                                                                                                                        H    G                                                                                                                                                                                                                                                              
                                                                                                                        H    G                                                                                                                                                                                                                                                              
                                                                                                                        H    G                                                                                                                                                                                                                                                              
                                                                                                                        H    G                                                                                                                                                                                                                                                              
                                                                                                                        H    G                                                                                                                                                                                                                                                              
                                                                                                                        H    G                                                                                                                                                                                                                                                              
                                                                                                                        H    G                                                                                                                                                                                                                                                              
                                                                                                                        H    G                                                                                                                                                                                                                                                              
                                                                                                                        H    G                                                                                                                                                                                                                                                              
                                                                                                                        H    G                                                                                                                                                                                                                                                              
                                                                                                                        H    G                                                                                                                                                                                                                                                              
                                                                                                                        H    G                                                                                                                                                                                                                                                              
                                                                                                                        H    G                                                                                                                                                                                                                                                              
                                                                                                                        H    G                                                                                                                                                                                                                                                              
                                                                                                                        H    G                                                                                                                                                                                                                                                              