# Ini adalah komentar
# Daftar tile: 
# (Space) Tile kosong
# (A..M)  Tile A sampai M.
# l       Live Up.
# s       Gatotkaca Star. Untuk menambah MP
# k       Kendi. Untuk menambah HP
# l       Buto Ijo
# 2       Buto Abang
# 3       Nagapecona(BOSS)
                                                                                                    
                                                                                                    
                                                                                                    
                                                                                                    
                                                                                                    
                                                                                                    
                                                                                                    
                                                                                                    
                                                                                                    
                                                sssss   1                                           
                                    1      k IBABABABABABAJ                                         
                         1       IBABABABABABELMLMLMLMLMLMF    k                                    
             1     k IBABABABABABELMLMLMLMLMLCKKKKKKKKKKKKH                                         
     l   IBABABABABABELMLMLMLMLMLCKKKKKKKKKKKKKKKKKKKKKKKKH                        l   A            
IBABABABAELMLMLMLMLMLCKKKKKKKKKKKKKKKKKKKKKKKKKKKKKKKKKKKKHABABABABABAJ  IABABABABABAJ M            
LMLMLMLMLCKKKKKKKKKKKKKKKKKKKKKKKKKKKKKKKKKKKKKKKKKKKKKKKKDMLMLMLMLMLMF  MMLMLMLMLMLML              
KKKKKKKKKKKKKKKKKKKKKKKKKKKKKKKKKKKKKKKKKKKKKKKKKKKKKKKKKKKKKKKKKKKKKKH                             
KKKKKKKKKKKKKKKKKKKKKKKKKKKKKKKKKKKKKKKKKKKKKKKKKKKKKKKKKKKKKKKKKKKKKKH                             
KKKKKKKKKKKKKKKKKKKKKKKKKKKKKKKKKKKKKKKKKKKKKKKKKKKKKKKKKKKKKKKKKKKKKKHABABABABABAABABABABABABABABAB
KKKKKKKKKKKKKKKKKKKKKKKKKKKKKKKKKKKKKKKKKKKKKKKKKKKKKKKKKKKKKKKKKKKKKKDMLMLMLMLMLMMLMLMLMLMLMLMLMLML